[williamfelker.com/index.html]
[backblue.gif]
[fade.gif]
[index.html]
[williamfelker.com/assets/favicon.ico]
[williamfelker.com/assets/css/style7672.css]
[williamfelker.com/shared/ghost-url.min7672.js]
[williamfelker.com/content/images/2016/02/photo-1444096443752-cfef93909ac3-1.jpg]
[williamfelker.com/content/images/2018/01/lili-popper-29464.jpg]
[williamfelker.com/content/images/2017/07/56cc1f82ec64303613338128_IFTTT.jpg]
[williamfelker.com/rss/index.html]
[williamfelker.com/content/images/2016/02/0Ad9yHP8QdCYBUqKxoiw_Stockholmsnow.jpg]
[williamfelker.com/2018/01/10/whole-person-care/index.html]
[williamfelker.com/content/images/2017/02/nomad_energyexample.jpg]
[williamfelker.com/content/images/2016/02/CIP2014_01.png]
[williamfelker.com/content/images/2016/04/photo-1459317103932-b38990477c33.jpg]
[williamfelker.com/content/images/2016/03/DSC_8178.jpg]
[williamfelker.com/content/images/2016/04/IXDSN-350-02_Prjct_03_Final-001.jpg]
[williamfelker.com/content/images/2017/02/Prjct06_OOBE_Master_v1-001.png]
[williamfelker.com/content/images/2017/02/randall-bruder-136626.jpg]
[williamfelker.com/content/images/2018/01/cd4-020171112_4.png]
[williamfelker.com/assets/js/plugins7672.js]
[williamfelker.com/assets/js/custom7672.js]
[williamfelker.com/index.html]
[williamfelker.com/tag/creating-equal-access-to-medi-cal/index.html]
[williamfelker.com/assets/fonts/fontawesome2897.eot]
[williamfelker.com/assets/fonts/fontawesome2897.ttf]
[williamfelker.com/assets/fonts/fontawesome2897.woff]
[williamfelker.com/assets/fonts/fontawesome2897.svg]
[williamfelker.com/assets/css/style7672.css]
[williamfelker.com/2017/02/22/ifttt/index.html]
[williamfelker.com/tag/building-a-community-for-tool-makers/index.html]
[williamfelker.com/content/images/2018/01/Screen-Shot-2018-01-09-at-23-29-26.png]
[williamfelker.com/content/images/2018/01/blueprint_hsa.png]
[williamfelker.com/content/images/2018/01/blueprint_bhac.png]
[williamfelker.com/content/images/2018/01/blueprint_sfgh.png]
[williamfelker.com/2018/01/10/whole-person-care/index.html]
[williamfelker.com/2017/02/21/data-emissions/index.html]
[williamfelker.com/tag/creating-equal-access-to-medi-cal/index.html]
[williamfelker.com/tag/regulating-the-unregulated/index.html]
[williamfelker.com/content/images/2017/07/ifttt-community-landscape-1.png]
[williamfelker.com/content/images/2017/07/Evolution-of-Formula.png]
[williamfelker.com/2017/02/20/nomad/index.html]
[williamfelker.com/content/images/2017/07/Anatomy-of-Applet-2d.png]
[williamfelker.com/content/images/2017/07/Maker-Landing-Wireframe.png]
[williamfelker.com/content/images/2017/07/Screen-Shot-2017-07-12-at-11-09-27-PM.png]
[williamfelker.com/content/images/2017/07/Screen-Shot-2017-07-12-at-11-09-20-PM.png]
[williamfelker.com/content/images/2017/07/Screen-Shot-2017-07-12-at-11-09-13-PM.png]
[williamfelker.com/2017/02/22/ifttt/index.html]
[williamfelker.com/tag/a-decentralized-messaging-platform/index.html]
[williamfelker.com/tag/building-a-community-for-tool-makers/index.html]
[williamfelker.com/2017/02/19/intel-labs/index.html]
[williamfelker.com/content/images/2016/04/Group.png]
[williamfelker.com/content/images/2016/04/1-tWz-IGVO3o-If9JLkpeNhg.png]
[williamfelker.com/content/images/2016/04/WFelker_EcosystemMap.png]
[williamfelker.com/content/images/2016/04/Set-C---Backblaze-010.jpg]
[williamfelker.com/content/images/2016/04/Set-C---Backblaze-009.jpg]
[williamfelker.com/content/images/2016/04/Set-C---Backblaze-011.jpg]
[williamfelker.com/content/images/2016/04/Set-C---Backblaze-012.jpg]
[williamfelker.com/content/images/2016/04/Set-C---Backblaze-013.jpg]
[williamfelker.com/content/images/2016/04/Set-C---Backblaze-014.jpg]
[williamfelker.com/content/images/2016/04/Set-C---Backblaze-015.jpg]
[williamfelker.com/2017/02/21/data-emissions/index.html]
[williamfelker.com/tag/an-out-of-the-box-toolkit-for-novice-makers/index.html]
[williamfelker.com/tag/regulating-the-unregulated/index.html]
[williamfelker.com/content/images/2017/02/1-WXiO2W5Q_pkRfBGBthI_NQ.gif]
[williamfelker.com/2017/02/18/secret-project/index.html]
[williamfelker.com/content/images/2017/02/1-7P4Mk1zubF0daNs9c4151Q-1.png]
[williamfelker.com/content/images/2017/02/Screen_Shot_2017-02-26_at_8_49_53_PM.png]
[williamfelker.com/content/images/2017/02/1-ei3B6L254gnuIpzMU47QiQ-1.png]
[williamfelker.com/content/images/2018/01/storefront_head.jpg]
[williamfelker.com/content/images/2018/01/myId_head.jpg]
[williamfelker.com/2017/02/20/nomad/index.html]
[williamfelker.com/tag/bursting-open-the-status-quo/index.html]
[williamfelker.com/tag/a-decentralized-messaging-platform/index.html]
[williamfelker.com/2017/02/17/impact-hub/index.html]
[williamfelker.com/content/images/2016/02/AP_ARCHIVE20140629_-71.jpg]
[williamfelker.com/content/images/2016/03/DSC_8388.png]
[williamfelker.com/content/images/2016/03/AP_ARCHIVE20140629__6.jpg]
[williamfelker.com/2017/02/19/intel-labs/index.html]
[williamfelker.com/tag/enhancing-a-thriving-global-community/index.html]
[williamfelker.com/tag/an-out-of-the-box-toolkit-for-novice-makers/index.html]
[williamfelker.com/2017/02/17/memory-scarf/index.html]
[williamfelker.com/content/images/2017/02/PowerHouse-2.jpg]
[williamfelker.com/content/images/2017/02/Tour-de-Pando-with-SP-Logo.jpg]
[williamfelker.com/content/images/2016/04/IMG_0260.jpg]
[williamfelker.com/tag/giving-artifacts-memory/index.html]
[williamfelker.com/tag/reimagining-the-future-of-the-radio/index.html]
[williamfelker.com/2017/02/14/atmosphere/index.html]
[williamfelker.com/content/images/2017/02/IMG_2092.jpg]
[williamfelker.com/2017/02/18/secret-project/index.html]
[williamfelker.com/2017/01/10/motion-explorations/index.html]
[williamfelker.com/2017/02/12/freelance/index.html]
[williamfelker.com/tag/bursting-open-the-status-quo/index.html]
[williamfelker.com/content/images/2016/03/DSC_8178.jpg]
[williamfelker.com/author/william/index.html]
[williamfelker.com/2017/02/17/impact-hub/index.html]
[williamfelker.com/tag/enhancing-a-thriving-global-community/index.html]
[williamfelker.com/content/images/2016/04/IXDSN-350-02_Prjct_03_Final-015-1.png]
[williamfelker.com/content/images/2016/04/IXDSN-350-02_Prjct_03_Final-016.png]
[williamfelker.com/content/images/2016/04/IXDSN-350-02_Prjct_03_Final-017-1.png]
[williamfelker.com/2017/02/17/memory-scarf/index.html]
[williamfelker.com/tag/giving-artifacts-memory/index.html]
[williamfelker.com/content/images/2016/04/Prjct06_OOBE_Master_v1-025.png]
[williamfelker.com/content/images/2016/04/Prjct06_OOBE_Master_v1-029.png]
[williamfelker.com/content/images/2016/09/Desktop-HD.png]
[williamfelker.com/2017/02/14/atmosphere/index.html]
[williamfelker.com/tag/reimagining-the-future-of-the-radio/index.html]
[williamfelker.com/content/images/2017/02/IMG_4335.jpg]
[williamfelker.com/content/images/2017/02/PowerHouse.jpg]
[williamfelker.com/content/images/2017/02/scott-webb-97651.jpg]
[williamfelker.com/content/images/2017/02/IMG_9383.jpg]
[williamfelker.com/content/images/2017/07/Untitled.png]
[williamfelker.com/content/images/2017/07/IMG_3541.jpg]
[williamfelker.com/content/images/2017/07/AQJatrvx9_AwKpWbP627yvvUaGcm.jpg]
[williamfelker.com/2017/02/12/freelance/index.html]
[williamfelker.com/content/images/2017/07/fjordmakeshop.png]
[williamfelker.com/content/images/2018/01/20171227-0.gif]
[williamfelker.com/content/images/2018/01/20171104-0.gif]
[williamfelker.com/content/images/2018/01/cd4-020171112_2.png]
[williamfelker.com/content/images/2018/01/20171230_1.gif]
[williamfelker.com/content/images/2018/01/20180106_2_1k-1.gif]
[williamfelker.com/content/images/2018/01/Image.png]
[williamfelker.com/content/images/2018/01/20180101.gif]
[williamfelker.com/content/images/2018/01/20180106_1_1k.gif]
[williamfelker.com/content/images/2018/01/20171230glitch.gif]
[williamfelker.com/content/images/2018/01/20171230-41-copy-2-2.gif]
[williamfelker.com/2017/01/10/motion-explorations/index.html]
[williamfelker.com/assets/fonts/fontawesome2897.svg]
[williamfelker.com/content/images/2016/04/IMG_2639.jpg]
